../Core/Src/main.c:66:10:hash	32	static
../Core/Src/main.c:85:5:main	16	static
../Core/Src/main.c:153:6:SystemClock_Config	88	static
../Core/Src/main.c:196:13:MX_ADC1_Init	24	static
../Core/Src/main.c:248:13:MX_RTC_Init	8	static
../Core/Src/main.c:283:13:MX_TIM2_Init	32	static
../Core/Src/main.c:326:13:MX_DMA_Init	16	static
../Core/Src/main.c:344:13:MX_GPIO_Init	56	static
../Core/Src/main.c:486:1:HAL_GPIO_EXTI_Callback	16	static
../Core/Src/main.c:499:6:Error_Handler	4	static,ignoring_inline_asm
