../Core/Src/main.c:85:6:I3G4250D_who_check	16	static
../Core/Src/main.c:96:6:I3G4250D_init	16	static
../Core/Src/main.c:118:6:I3G4250D_Read_Gyro	24	static
../Core/Src/main.c:139:6:LSM303AGR_init	32	static
../Core/Src/main.c:157:6:LSM303AGR_Read_Acc	40	static
../Core/Src/main.c:181:5:main	136	static
../Core/Src/main.c:320:6:SystemClock_Config	88	static
../Core/Src/main.c:367:13:MX_I2C1_Init	8	static
../Core/Src/main.c:401:13:MX_SPI1_Init	8	static
../Core/Src/main.c:439:13:MX_GPIO_Init	56	static
../Core/Src/main.c:581:6:Error_Handler	4	static,ignoring_inline_asm
